../Core/Src/main.c:83:6:Send_Uart	16	static
../Core/Src/main.c:97:5:main	16	static
../Core/Src/main.c:156:6:SystemClock_Config	88	static
../Core/Src/main.c:203:13:MX_USART1_UART_Init	8	static
../Core/Src/main.c:236:13:MX_GPIO_Init	64	static
../Core/Src/main.c:485:6:HPT_task	32	static
../Core/Src/main.c:502:6:MPT_task	24	static
../Core/Src/main.c:522:6:LPT_task	32	static
../Core/Src/main.c:556:6:HAL_TIM_PeriodElapsedCallback	16	static
../Core/Src/main.c:573:6:Error_Handler	4	static,ignoring_inline_asm
