../Core/Src/main.c:93:5:main	8	static
../Core/Src/main.c:180:6:SystemClock_Config	88	static
../Core/Src/main.c:226:13:MX_TIM1_Init	32	static
../Core/Src/main.c:272:13:MX_USART1_UART_Init	8	static
../Core/Src/main.c:305:13:MX_USB_OTG_HS_HCD_Init	8	static
../Core/Src/main.c:335:13:MX_FMC_Init	40	static
../Core/Src/main.c:386:13:MX_GPIO_Init	64	static
../Core/Src/main.c:571:6:Startblink01	16	static
../Core/Src/main.c:592:6:Startblink02	16	static
../Core/Src/main.c:614:6:HAL_TIM_PeriodElapsedCallback	16	static
../Core/Src/main.c:631:6:Error_Handler	4	static,ignoring_inline_asm
