../Core/Src/stm32f4xx_hal_msp.c:63:6:HAL_MspInit	16	static
../Core/Src/stm32f4xx_hal_msp.c:88:6:HAL_TIM_Base_MspInit	24	static
../Core/Src/stm32f4xx_hal_msp.c:110:6:HAL_TIM_Base_MspDeInit	16	static
../Core/Src/stm32f4xx_hal_msp.c:132:6:HAL_UART_MspInit	48	static
../Core/Src/stm32f4xx_hal_msp.c:168:6:HAL_UART_MspDeInit	16	static
../Core/Src/stm32f4xx_hal_msp.c:197:6:HAL_HCD_MspInit	48	static
../Core/Src/stm32f4xx_hal_msp.c:243:6:HAL_HCD_MspDeInit	16	static
../Core/Src/stm32f4xx_hal_msp.c:272:13:HAL_FMC_MspInit	32	static
../Core/Src/stm32f4xx_hal_msp.c:378:6:HAL_SDRAM_MspInit	16	static
../Core/Src/stm32f4xx_hal_msp.c:390:13:HAL_FMC_MspDeInit	8	static
../Core/Src/stm32f4xx_hal_msp.c:464:6:HAL_SDRAM_MspDeInit	16	static
